C:/Users/elmas/Desktop/DataAnalyzer/.venv/Scripts/python.exe : Traceback 
(most recent call last):
Au caractère Ligne:1 : 1
+ C:/Users/elmas/Desktop/DataAnalyzer/.venv/Scripts/python.exe test_qui 
...
+ ~~~~~~~~~~~~~~~~~~~~~~~~~~~~~~~~~~~~~~~~~~~~~~~~~~~~~~~~~~~~~~~~~~~~~
    + CategoryInfo          : NotSpecified: (Traceback (most recent call 
    last)::String) [], RemoteException
    + FullyQualifiedErrorId : NativeCommandError
 
  File "C:\Users\elmas\Desktop\DataAnalyzer\backend\analyses\symptom_matc
hing.py", line 60, in perform_analysis
    print(f"\n\U0001f527 Configuration reþue:")
  File "C:\Users\elmas\AppData\Local\Programs\Python\Python310\lib\encodi
ngs\cp1252.py", line 19, in encode
    return codecs.charmap_encode(input,self.errors,encoding_table)[0]
UnicodeEncodeError: 'charmap' codec can't encode character '\U0001f527' 
in position 2: character maps to <undefined>

============================================================
TEST: SymptomMatchingAnalyzer avec disease_symptom_matrix.csv
============================================================

[LOAD] Chargement: C:\Users\elmas\Desktop\DataAnalyzer\disease_symptom_matrix.csv
[OK] CSV charge: shape=(431, 1419)
     Colonnes: ['id', 'name', 'abces cerebraux', 'abolition reflexe rotulien', "absence d'hallucinations marquees"] ... (1419 total)
     Dtypes uniques: [dtype('O') dtype('int64')]

     Premiere colonne 'id':
       - Type: object
       - Unique values: 431
       - Sample: ['mal001', 'mal002', 'mal003']

     Deuxieme colonne 'name':
       - Type: object
       - Unique values: 428
       - Sample: ['Paludisme simple', 'Paludisme grave', 'Tuberculose pulmonaire']

[INIT] Initialisation du SymptomMatchingAnalyzer...
[OK] Analyzeur cree

[CONFIG] Configuration de l'analyse...
        - Target: id
        - Features: 1418 colonnes

[RUN] Execution de perform_analysis()...

[ERROR] Erreur: 'charmap' codec can't encode character '\U0001f527' in position 2: character maps to <undefined>

[RESULTS]:
   - success: False
   - total_diseases: 0
   - total_symptoms: 0

   Analyses disponibles (1 non-nulles):
     [OK] error: str

   [WARN] Error: 'charmap' codec can't encode character '\U0001f527' in position 2: character maps to <undefined>

[SUCCESS] Test reussi!

============================================================
