C:/Users/elmas/Desktop/DataAnalyzer/.venv/Scripts/python.exe : Traceback 
(most recent call last):
Au caractère Ligne:1 : 1
+ C:/Users/elmas/Desktop/DataAnalyzer/.venv/Scripts/python.exe test_qui 
...
+ ~~~~~~~~~~~~~~~~~~~~~~~~~~~~~~~~~~~~~~~~~~~~~~~~~~~~~~~~~~~~~~~~~~~~~
    + CategoryInfo          : NotSpecified: (Traceback (most recent call 
    last)::String) [], RemoteException
    + FullyQualifiedErrorId : NativeCommandError
 
  File "C:\Users\elmas\Desktop\DataAnalyzer\backend\analyses\symptom_matc
hing.py", line 118, in perform_analysis
    results['bernoulli_nb'] = self._bernoulli_nb_model(X, y, config)
  File "C:\Users\elmas\Desktop\DataAnalyzer\backend\analyses\symptom_matc
hing.py", line 250, in _bernoulli_nb_model
    cv_scores = cross_val_score(model, X_binary, y, cv=n_splits)
  File "C:\Users\elmas\Desktop\DataAnalyzer\.venv\lib\site-packages\sklea
rn\utils\_param_validation.py", line 218, in wrapper
    return func(*args, **kwargs)
  File "C:\Users\elmas\Desktop\DataAnalyzer\.venv\lib\site-packages\sklea
rn\model_selection\_validation.py", line 677, in cross_val_score
    cv_results = cross_validate(
  File "C:\Users\elmas\Desktop\DataAnalyzer\.venv\lib\site-packages\sklea
rn\utils\_param_validation.py", line 218, in wrapper
    return func(*args, **kwargs)
  File "C:\Users\elmas\Desktop\DataAnalyzer\.venv\lib\site-packages\sklea
rn\model_selection\_validation.py", line 399, in cross_validate
    results = parallel(
  File "C:\Users\elmas\Desktop\DataAnalyzer\.venv\lib\site-packages\sklea
rn\utils\parallel.py", line 82, in __call__
    return super().__call__(iterable_with_config_and_warning_filters)
  File "C:\Users\elmas\Desktop\DataAnalyzer\.venv\lib\site-packages\jobli
b\parallel.py", line 1986, in __call__
    return output if self.return_generator else list(output)
  File "C:\Users\elmas\Desktop\DataAnalyzer\.venv\lib\site-packages\jobli
b\parallel.py", line 1911, in _get_sequential_output
    for func, args, kwargs in iterable:
  File "C:\Users\elmas\Desktop\DataAnalyzer\.venv\lib\site-packages\sklea
rn\utils\parallel.py", line 74, in <genexpr>
    iterable_with_config_and_warning_filters = (
  File "C:\Users\elmas\Desktop\DataAnalyzer\.venv\lib\site-packages\sklea
rn\model_selection\_validation.py", line 399, in <genexpr>
    results = parallel(
  File "C:\Users\elmas\Desktop\DataAnalyzer\.venv\lib\site-packages\sklea
rn\model_selection\_split.py", line 411, in split
    for train, test in super().split(X, y, groups):
  File "C:\Users\elmas\Desktop\DataAnalyzer\.venv\lib\site-packages\sklea
rn\model_selection\_split.py", line 142, in split
    for test_index in self._iter_test_masks(X, y, groups):
  File "C:\Users\elmas\Desktop\DataAnalyzer\.venv\lib\site-packages\sklea
rn\model_selection\_split.py", line 844, in _iter_test_masks
    test_folds = self._make_test_folds(X, y)
  File "C:\Users\elmas\Desktop\DataAnalyzer\.venv\lib\site-packages\sklea
rn\model_selection\_split.py", line 806, in _make_test_folds
    raise ValueError(
ValueError: n_splits=5 cannot be greater than the number of members in 
each class.

============================================================
TEST: SymptomMatchingAnalyzer avec disease_symptom_matrix.csv
============================================================

[LOAD] Chargement: C:\Users\elmas\Desktop\DataAnalyzer\disease_symptom_matrix.csv
[OK] CSV charge: shape=(431, 1419)
     Colonnes: ['id', 'name', 'abces cerebraux', 'abolition reflexe rotulien', "absence d'hallucinations marquees"] ... (1419 total)
     Dtypes uniques: [dtype('O') dtype('int64')]

     Premiere colonne 'id':
       - Type: object
       - Unique values: 431
       - Sample: ['mal001', 'mal002', 'mal003']

     Deuxieme colonne 'name':
       - Type: object
       - Unique values: 428
       - Sample: ['Paludisme simple', 'Paludisme grave', 'Tuberculose pulmonaire']

[INIT] Initialisation du SymptomMatchingAnalyzer...
[OK] Analyzeur cree

[CONFIG] Configuration de l'analyse...
        - Target: name
        - Features: 1417 colonnes

[RUN] Execution de perform_analysis()...

[CONFIG] Configuration recue:
  - Disease column: name
  - ID column: id
  - DataFrame shape: (431, 1419)
  - DataFrame columns: ['id', 'name', 'abces cerebraux', 'abolition reflexe rotulien', "absence d'hallucinations marquees", 'absence de benefice externe', 'absence de benefice externe evident', 'absence de comportements compensatoires', 'absence de desquamation', 'absence de developpement mammaire']... (total: 1419)
  - Symptom columns detected: 1417 colonnes

[ANALYSIS] Analyse de 431 maladies avec 1417 symptomes
  - X shape: (431, 1417), dtype: int64
  - y shape: (431,), unique values: 428

[TFIDF] Analyse TF-IDF...

[BERNOULLI] Modele Bernoulli Naive Bayes...

[ERROR] Erreur: n_splits=5 cannot be greater than the number of members in each class.

[RESULTS]:
   - success: False
   - total_diseases: 431
   - total_symptoms: 1417

   Analyses disponibles (2 non-nulles):
     [OK] tfidf_analysis: dict avec 6 keys
     [OK] error: str

   [WARN] Error: n_splits=5 cannot be greater than the number of members in each class.

[SUCCESS] Test reussi!

============================================================
